// Jest Snapshot v1, https://goo.gl/fbAQLP

exports[`rendering 1`] = `
<div
  className="outer-container"
>
  <Head />
  <Header />
  <div
    className="page"
  >
    children
  </div>
</div>
`;
