// Jest Snapshot v1, https://goo.gl/fbAQLP

exports[`rendering 1`] = `
<div>
  <h2>
    Skills
  </h2>
  <div>
    <h1>
      Frontend
    </h1>
    <ul>
      <li
        key="React"
      >
        React
      </li>
      <li
        key="Redux"
      >
        Redux
      </li>
      <li
        key="Gatsby"
      >
        Gatsby
      </li>
      <li
        key="Vue.js"
      >
        Vue.js
      </li>
      <li
        key="HTML5"
      >
        HTML5
      </li>
      <li
        key="SCSS"
      >
        SCSS
      </li>
    </ul>
  </div>
  <div>
    <h1>
      Backend
    </h1>
    <ul>
      <li
        key="Node"
      >
        Node
      </li>
      <li
        key="Express"
      >
        Express
      </li>
      <li
        key="PostgreSQL"
      >
        PostgreSQL
      </li>
    </ul>
  </div>
  <div>
    <h1>
      Other
    </h1>
    <ul>
      <li
        key="Git"
      >
        Git
      </li>
      <li
        key="R"
      >
        R
      </li>
    </ul>
  </div>
</div>
`;
