// Jest Snapshot v1, https://goo.gl/fbAQLP

exports[`rendering 1`] = `
<div
  className="credits"
>
  <div>
    <h3>
      Credits
    </h3>
    Icons made by
     
    <a
      href="https://www.flaticon.com/authors/smashicons"
    >
      Smashicons
    </a>
     and
     
    <a
      href="https://www.flaticon.com/authors/swifticons"
    >
      Swifticons
    </a>
    from 
    <a
      href="https://www.flaticon.com"
    >
      www.flaticon.com
    </a>
  </div>
</div>
`;
