// Jest Snapshot v1, https://goo.gl/fbAQLP

exports[`rendering 1`] = `
<div>
  Icon made by
   
  <a
    href="https://www.flaticon.com/authors/smashicons"
  >
    Smashicons
  </a>
   from
   
  <a
    href="https://www.flaticon.com"
  >
    www.flaticon.com
  </a>
</div>
`;
